
> app@0.0.1 build
> vite build

vite v8.0.8 building ssr environment for production...
[2Ktransforming...6:29:23 PM [vite-plugin-svelte] src/routes/+page.svelte:4:17 This reference only captures the initial value of `data`. Did you mean to reference it inside a closure instead?
https://svelte.dev/e/state_referenced_locally
2:   let { data } = $props();
3: 
4:   const courses = data.trainings.filter((t: any) => t.type === 'course');
                         ^
5:   const workshops = data.trainings.filter((t: any) => t.type === 'workshop');
6: </script>
6:29:23 PM [vite-plugin-svelte] src/routes/+page.svelte:5:19 This reference only captures the initial value of `data`. Did you mean to reference it inside a closure instead?
https://svelte.dev/e/state_referenced_locally
3: 
4:   const courses = data.trainings.filter((t: any) => t.type === 'course');
5:   const workshops = data.trainings.filter((t: any) => t.type === 'workshop');
                           ^
6: </script>
7: 
✓ 154 modules transformed.
rendering chunks...
vite v8.0.8 building client environment for production...
[2Ktransforming...6:29:24 PM [vite-plugin-svelte] src/routes/+page.svelte:4:17 This reference only captures the initial value of `data`. Did you mean to reference it inside a closure instead?
https://svelte.dev/e/state_referenced_locally
2:   let { data } = $props();
3: 
4:   const courses = data.trainings.filter((t: any) => t.type === 'course');
                         ^
5:   const workshops = data.trainings.filter((t: any) => t.type === 'workshop');
6: </script>
6:29:24 PM [vite-plugin-svelte] src/routes/+page.svelte:5:19 This reference only captures the initial value of `data`. Did you mean to reference it inside a closure instead?
https://svelte.dev/e/state_referenced_locally
3: 
4:   const courses = data.trainings.filter((t: any) => t.type === 'course');
5:   const workshops = data.trainings.filter((t: any) => t.type === 'workshop');
                           ^
6: </script>
7: 
✓ 165 modules transformed.
rendering chunks...
computing gzip size...
.svelte-kit/output/client/_app/version.json                        0.02 kB │ gzip:  0.04 kB
.svelte-kit/output/client/.vite/manifest.json                      3.32 kB │ gzip:  0.60 kB
.svelte-kit/output/client/_app/immutable/assets/0._kIH0wUU.css     0.52 kB │ gzip:  0.28 kB
.svelte-kit/output/client/_app/immutable/assets/2.DuyaPeqd.css     1.50 kB │ gzip:  0.59 kB
.svelte-kit/output/client/_app/immutable/assets/4.CIgWEVqb.css     1.76 kB │ gzip:  0.67 kB
.svelte-kit/output/client/_app/immutable/assets/3.D4rMssG_.css     3.08 kB │ gzip:  0.92 kB
.svelte-kit/output/client/_app/immutable/chunks/D1hYfEew.js        0.06 kB │ gzip:  0.08 kB
.svelte-kit/output/client/_app/immutable/entry/start.jpLo7jFQ.js   0.08 kB │ gzip:  0.09 kB
.svelte-kit/output/client/_app/immutable/nodes/1.BiVBU6E-.js       0.37 kB │ gzip:  0.26 kB
.svelte-kit/output/client/_app/immutable/chunks/Dl2sERt4.js        0.76 kB │ gzip:  0.33 kB
.svelte-kit/output/client/_app/immutable/chunks/CHncfsjL.js        1.20 kB │ gzip:  0.68 kB
.svelte-kit/output/client/_app/immutable/nodes/2.HMz4_rFX.js       2.33 kB │ gzip:  0.84 kB
.svelte-kit/output/client/_app/immutable/nodes/0.CzIGaajV.js       2.92 kB │ gzip:  1.26 kB
.svelte-kit/output/client/_app/immutable/entry/app.Cusd0B9R.js     3.08 kB │ gzip:  1.35 kB
.svelte-kit/output/client/_app/immutable/nodes/3.Droqx8fu.js       3.88 kB │ gzip:  1.58 kB
.svelte-kit/output/client/_app/immutable/nodes/4.BlA7VLzG.js       5.72 kB │ gzip:  2.14 kB
.svelte-kit/output/client/_app/immutable/chunks/Cy3bt7P3.js       32.03 kB │ gzip: 12.21 kB
.svelte-kit/output/client/_app/immutable/chunks/DSwdyU9K.js       45.89 kB │ gzip: 17.65 kB

✓ built in 215ms
computing gzip size...
.svelte-kit/output/server/.vite/manifest.json                                  5.03 kB │ gzip:  0.74 kB
.svelte-kit/output/server/_app/immutable/assets/_layout._kIH0wUU.css           0.52 kB │ gzip:  0.28 kB
.svelte-kit/output/server/_app/immutable/assets/_page.DuyaPeqd.css             1.50 kB │ gzip:  0.59 kB
.svelte-kit/output/server/_app/immutable/assets/_page.CIgWEVqb.css             1.76 kB │ gzip:  0.67 kB
.svelte-kit/output/server/_app/immutable/assets/_page.D4rMssG_.css             3.08 kB │ gzip:  0.92 kB
.svelte-kit/output/server/entries/pages/_layout.ts.js                          0.08 kB │ gzip:  0.09 kB
.svelte-kit/output/server/chunks/paths.js                                      0.12 kB │ gzip:  0.10 kB
.svelte-kit/output/server/chunks/app.js                                        0.13 kB │ gzip:  0.13 kB
.svelte-kit/output/server/entries/pages/_page.server.ts.js                     0.27 kB │ gzip:  0.20 kB
.svelte-kit/output/server/internal.js                                          0.40 kB │ gzip:  0.19 kB
.svelte-kit/output/server/entries/fallbacks/error.svelte.js                    0.41 kB │ gzip:  0.26 kB
.svelte-kit/output/server/entries/pages/champions/_page.server.ts.js           0.43 kB │ gzip:  0.27 kB
.svelte-kit/output/server/entries/pages/champions/enroll/_page.server.ts.js    2.12 kB │ gzip:  0.97 kB
.svelte-kit/output/server/chunks/client.js                                     2.49 kB │ gzip:  1.03 kB
.svelte-kit/output/server/entries/pages/_page.svelte.js                        2.64 kB │ gzip:  0.76 kB
.svelte-kit/output/server/chunks/state.js                                      3.14 kB │ gzip:  1.20 kB
.svelte-kit/output/server/entries/pages/_layout.svelte.js                      3.17 kB │ gzip:  1.25 kB
.svelte-kit/output/server/entries/pages/champions/enroll/_page.svelte.js       4.55 kB │ gzip:  1.18 kB
.svelte-kit/output/server/entries/pages/champions/_page.svelte.js              4.86 kB │ gzip:  1.43 kB
.svelte-kit/output/server/chunks/exports.js                                    5.40 kB │ gzip:  1.72 kB
.svelte-kit/output/server/chunks/routing.js                                    5.82 kB │ gzip:  2.08 kB
.svelte-kit/output/server/chunks/environment.js                                5.85 kB │ gzip:  2.13 kB
.svelte-kit/output/server/chunks/shared.js                                    10.18 kB │ gzip:  3.32 kB
.svelte-kit/output/server/chunks/internal.js                                  20.19 kB │ gzip:  6.24 kB
.svelte-kit/output/server/chunks/utils.js                                     28.76 kB │ gzip:  8.35 kB
.svelte-kit/output/server/remote-entry.js                                     35.25 kB │ gzip:  7.97 kB
.svelte-kit/output/server/index.js                                           119.57 kB │ gzip: 30.47 kB
.svelte-kit/output/server/chunks/dev.js                                      123.30 kB │ gzip: 31.98 kB

✓ built in 1.74s

Run npm run preview to preview your production build locally.

> Using @sveltejs/adapter-static
  Wrote site to "build"
  ✔ done
